// Jest Snapshot v1, https://goo.gl/fbAQLP

exports[`Quote component should render correctly 1`] = `
<div
  className="Quote-container"
>
  <p>
    "
    "
  </p>
  <p
    className="Quote-author"
  />
</div>
`;

exports[`renders an error message if the API call fails 1`] = `
<span
  class="error"
>
  Error getting quote!!!
</span>
`;
